// Jest Snapshot v1, https://goo.gl/fbAQLP

exports[`Profile tests matches snapshot online 1`] = `
Object {
  "asFragment": [Function],
  "baseElement": <body>
    <div>
      <div
        class="profile"
      >
        <h2>
          Профиль
        </h2>
        <input
          class=".input"
          type="checkbox"
        />
        <span
          class="profile-user-title-data"
        >
          Ваши данные
        </span>
        <div
          class="profile-form-block"
        >
          <form
            class="form"
          >
            <div
              class="MuiInputBase-root MuiInput-root MuiInput-underline makeStyles-rootForm-4 my-Input"
              required=""
            >
              <input
                class="MuiInputBase-input MuiInput-input"
                placeholder="Введите ваше имя"
                required=""
                type="text"
                value=""
              />
            </div>
            <div
              class="MuiInputBase-root MuiInput-root MuiInput-underline makeStyles-rootForm-4 my-Input"
              required=""
            >
              <input
                class="MuiInputBase-input MuiInput-input"
                placeholder="Введите вашу фамилию"
                required=""
                type="text"
                value=""
              />
            </div>
            <div
              class="MuiInputBase-root MuiInput-root MuiInput-underline makeStyles-rootForm-4 my-Input"
              required=""
            >
              <input
                class="MuiInputBase-input MuiInput-input"
                placeholder="Введите ваш возраст"
                required=""
                type="number"
                value=""
              />
            </div>
            <button
              class="MuiButtonBase-root MuiButton-root MuiButton-contained makeStyles-inline-6 my-Button-profile MuiButton-containedPrimary"
              tabindex="0"
              type="submit"
            >
              <span
                class="MuiButton-label"
              >
                Отправить
              </span>
              <span
                class="MuiTouchRipple-root"
              />
            </button>
          </form>
        </div>
      </div>
    </div>
  </body>,
  "container": <div>
    <div
      class="profile"
    >
      <h2>
        Профиль
      </h2>
      <input
        class=".input"
        type="checkbox"
      />
      <span
        class="profile-user-title-data"
      >
        Ваши данные
      </span>
      <div
        class="profile-form-block"
      >
        <form
          class="form"
        >
          <div
            class="MuiInputBase-root MuiInput-root MuiInput-underline makeStyles-rootForm-4 my-Input"
            required=""
          >
            <input
              class="MuiInputBase-input MuiInput-input"
              placeholder="Введите ваше имя"
              required=""
              type="text"
              value=""
            />
          </div>
          <div
            class="MuiInputBase-root MuiInput-root MuiInput-underline makeStyles-rootForm-4 my-Input"
            required=""
          >
            <input
              class="MuiInputBase-input MuiInput-input"
              placeholder="Введите вашу фамилию"
              required=""
              type="text"
              value=""
            />
          </div>
          <div
            class="MuiInputBase-root MuiInput-root MuiInput-underline makeStyles-rootForm-4 my-Input"
            required=""
          >
            <input
              class="MuiInputBase-input MuiInput-input"
              placeholder="Введите ваш возраст"
              required=""
              type="number"
              value=""
            />
          </div>
          <button
            class="MuiButtonBase-root MuiButton-root MuiButton-contained makeStyles-inline-6 my-Button-profile MuiButton-containedPrimary"
            tabindex="0"
            type="submit"
          >
            <span
              class="MuiButton-label"
            >
              Отправить
            </span>
            <span
              class="MuiTouchRipple-root"
            />
          </button>
        </form>
      </div>
    </div>
  </div>,
  "debug": [Function],
  "findAllByAltText": [Function],
  "findAllByDisplayValue": [Function],
  "findAllByLabelText": [Function],
  "findAllByPlaceholderText": [Function],
  "findAllByRole": [Function],
  "findAllByTestId": [Function],
  "findAllByText": [Function],
  "findAllByTitle": [Function],
  "findByAltText": [Function],
  "findByDisplayValue": [Function],
  "findByLabelText": [Function],
  "findByPlaceholderText": [Function],
  "findByRole": [Function],
  "findByTestId": [Function],
  "findByText": [Function],
  "findByTitle": [Function],
  "getAllByAltText": [Function],
  "getAllByDisplayValue": [Function],
  "getAllByLabelText": [Function],
  "getAllByPlaceholderText": [Function],
  "getAllByRole": [Function],
  "getAllByTestId": [Function],
  "getAllByText": [Function],
  "getAllByTitle": [Function],
  "getByAltText": [Function],
  "getByDisplayValue": [Function],
  "getByLabelText": [Function],
  "getByPlaceholderText": [Function],
  "getByRole": [Function],
  "getByTestId": [Function],
  "getByText": [Function],
  "getByTitle": [Function],
  "queryAllByAltText": [Function],
  "queryAllByDisplayValue": [Function],
  "queryAllByLabelText": [Function],
  "queryAllByPlaceholderText": [Function],
  "queryAllByRole": [Function],
  "queryAllByTestId": [Function],
  "queryAllByText": [Function],
  "queryAllByTitle": [Function],
  "queryByAltText": [Function],
  "queryByDisplayValue": [Function],
  "queryByLabelText": [Function],
  "queryByPlaceholderText": [Function],
  "queryByRole": [Function],
  "queryByTestId": [Function],
  "queryByText": [Function],
  "queryByTitle": [Function],
  "rerender": [Function],
  "unmount": [Function],
}
`;
